[    0.000000] Linux version 4.15.0-208-generic (buildd@lcy02-amd64-015) (gcc version 7.5.0 (Ubuntu 7.5.0-3ubuntu1~18.04)) #220-Ubuntu SMP Mon Mar 20 14:27:01 UTC 2023 (Ubuntu 4.15.0-208.220-generic 4.15.18)
[    0.000000] Command line: BOOT_IMAGE=/boot/vmlinuz-4.15.0-208-generic root=LABEL=cloudimg-rootfs ro console=tty1 console=ttyS0
[    0.000000] KERNEL supported cpus:
[    0.000000]   Intel GenuineIntel
[    0.000000]   AMD AuthenticAMD
[    0.000000]   Centaur CentaurHauls
[    0.000000] [Firmware Bug]: TSC doesn't count with P0 frequency!
[    0.000000] x86/fpu: Supporting XSAVE feature 0x001: 'x87 floating point registers'
[    0.000000] x86/fpu: Supporting XSAVE feature 0x002: 'SSE registers'
[    0.000000] x86/fpu: Supporting XSAVE feature 0x004: 'AVX registers'
[    0.000000] x86/fpu: xstate_offset[2]:  576, xstate_sizes[2]:  256
[    0.000000] x86/fpu: Enabled xstate features 0x7, context size is 832 bytes, using 'standard' format.
[    0.000000] e820: BIOS-provided physical RAM map:
[    0.000000] BIOS-e820: [mem 0x0000000000000000-0x000000000009fbff] usable
[    0.000000] BIOS-e820: [mem 0x000000000009fc00-0x000000000009ffff] reserved
[    0.000000] BIOS-e820: [mem 0x00000000000f0000-0x00000000000fffff] reserved
[    0.000000] BIOS-e820: [mem 0x0000000000100000-0x000000003ffeffff] usable
[    0.000000] BIOS-e820: [mem 0x000000003fff0000-0x000000003fffffff] ACPI data
[    0.000000] BIOS-e820: [mem 0x00000000fec00000-0x00000000fec00fff] reserved
[    0.000000] BIOS-e820: [mem 0x00000000fee00000-0x00000000fee00fff] reserved
[    0.000000] BIOS-e820: [mem 0x00000000fffc0000-0x00000000ffffffff] reserved
[    0.000000] NX (Execute Disable) protection: active
[    0.000000] SMBIOS 2.5 present.
[    0.000000] DMI: innotek GmbH VirtualBox/VirtualBox, BIOS VirtualBox 12/01/2006
[    0.000000] Hypervisor detected: KVM
[    0.000000] e820: last_pfn = 0x3fff0 max_arch_pfn = 0x400000000
[    0.000000] MTRR: Disabled
[    0.000000] x86/PAT: MTRRs disabled, skipping PAT initialization too.
[    0.000000] CPU MTRRs all blank - virtualized system.
[    0.000000] x86/PAT: Configuration [0-7]: WB  WT  UC- UC  WB  WT  UC- UC  
[    0.000000] found SMP MP-table at [mem 0x0009fff0-0x0009ffff]
[    0.000000] Scanning 1 areas for low memory corruption
[    0.000000] RAMDISK: [mem 0x359c9000-0x36cdbfff]
[    0.000000] ACPI: Early table checksum verification disabled
[    0.000000] ACPI: RSDP 0x00000000000E0000 000024 (v02 VBOX  )
[    0.000000] ACPI: XSDT 0x000000003FFF0030 00003C (v01 VBOX   VBOXXSDT 00000001 ASL  00000061)
[    0.000000] ACPI: FACP 0x000000003FFF00F0 0000F4 (v04 VBOX   VBOXFACP 00000001 ASL  00000061)
[    0.000000] ACPI: DSDT 0x000000003FFF0470 002325 (v02 VBOX   VBOXBIOS 00000002 INTL 20200925)
[    0.000000] ACPI: FACS 0x000000003FFF0200 000040
[    0.000000] ACPI: FACS 0x000000003FFF0200 000040
[    0.000000] ACPI: APIC 0x000000003FFF0240 00005C (v02 VBOX   VBOXAPIC 00000001 ASL  00000061)
[    0.000000] ACPI: SSDT 0x000000003FFF02A0 0001CC (v01 VBOX   VBOXCPUT 00000002 INTL 20200925)
[    0.000000] ACPI: Reserving FACP table memory at [mem 0x3fff00f0-0x3fff01e3]
[    0.000000] ACPI: Reserving DSDT table memory at [mem 0x3fff0470-0x3fff2794]
[    0.000000] ACPI: Reserving FACS table memory at [mem 0x3fff0200-0x3fff023f]
[    0.000000] ACPI: Reserving FACS table memory at [mem 0x3fff0200-0x3fff023f]
[    0.000000] ACPI: Reserving APIC table memory at [mem 0x3fff0240-0x3fff029b]
[    0.000000] ACPI: Reserving SSDT table memory at [mem 0x3fff02a0-0x3fff046b]
[    0.000000] No NUMA configuration found
[    0.000000] Faking a node at [mem 0x0000000000000000-0x000000003ffeffff]
[    0.000000] NODE_DATA(0) allocated [mem 0x3ffc5000-0x3ffeffff]
[    0.000000] kvm-clock: cpu 0, msr 0:3ff44001, primary cpu clock
[    0.000000] kvm-clock: Using msrs 4b564d01 and 4b564d00
[    0.000000] kvm-clock: using sched offset of 3001152414 cycles
[    0.000000] clocksource: kvm-clock: mask: 0xffffffffffffffff max_cycles: 0x1cd42e4dffb, max_idle_ns: 881590591483 ns
[    0.000000] Zone ranges:
[    0.000000]   DMA      [mem 0x0000000000001000-0x0000000000ffffff]
[    0.000000]   DMA32    [mem 0x0000000001000000-0x000000003ffeffff]
[    0.000000]   Normal   empty
[    0.000000]   Device   empty
[    0.000000] Movable zone start for each node
[    0.000000] Early memory node ranges
[    0.000000]   node   0: [mem 0x0000000000001000-0x000000000009efff]
[    0.000000]   node   0: [mem 0x0000000000100000-0x000000003ffeffff]
[    0.000000] Reserved but unavailable: 104 pages
[    0.000000] Initmem setup node 0 [mem 0x0000000000001000-0x000000003ffeffff]
[    0.000000] ACPI: PM-Timer IO Port: 0x4008
[    0.000000] IOAPIC[0]: apic_id 2, version 32, address 0xfec00000, GSI 0-23
[    0.000000] ACPI: INT_SRC_OVR (bus 0 bus_irq 0 global_irq 2 dfl dfl)
[    0.000000] ACPI: INT_SRC_OVR (bus 0 bus_irq 9 global_irq 9 low level)
[    0.000000] Using ACPI (MADT) for SMP configuration information
[    0.000000] smpboot: Allowing 2 CPUs, 0 hotplug CPUs
[    0.000000] PM: Registered nosave memory: [mem 0x00000000-0x00000fff]
[    0.000000] PM: Registered nosave memory: [mem 0x0009f000-0x0009ffff]
[    0.000000] PM: Registered nosave memory: [mem 0x000a0000-0x000effff]
[    0.000000] PM: Registered nosave memory: [mem 0x000f0000-0x000fffff]
[    0.000000] e820: [mem 0x40000000-0xfebfffff] available for PCI devices
[    0.000000] Booting paravirtualized kernel on KVM
[    0.000000] clocksource: refined-jiffies: mask: 0xffffffff max_cycles: 0xffffffff, max_idle_ns: 7645519600211568 ns
[    0.000000] setup_percpu: NR_CPUS:8192 nr_cpumask_bits:2 nr_cpu_ids:2 nr_node_ids:1
[    0.000000] percpu: Embedded 50 pages/cpu s167936 r8192 d28672 u1048576
[    0.000000] PV qspinlock hash table entries: 256 (order: 0, 4096 bytes)
[    0.000000] Built 1 zonelists, mobility grouping on.  Total pages: 257913
[    0.000000] Policy zone: DMA32
[    0.000000] Kernel command line: BOOT_IMAGE=/boot/vmlinuz-4.15.0-208-generic root=LABEL=cloudimg-rootfs ro console=tty1 console=ttyS0
[    0.000000] Memory: 982640K/1048120K available (12300K kernel code, 2477K rwdata, 4324K rodata, 2480K init, 2720K bss, 65480K reserved, 0K cma-reserved)
[    0.000000] SLUB: HWalign=64, Order=0-3, MinObjects=0, CPUs=2, Nodes=1
[    0.000000] ftrace: allocating 39494 entries in 155 pages
[    0.004000] Hierarchical RCU implementation.
[    0.004000] 	RCU restricting CPUs from NR_CPUS=8192 to nr_cpu_ids=2.
[    0.004000] 	Tasks RCU enabled.
[    0.004000] RCU: Adjusting geometry for rcu_fanout_leaf=16, nr_cpu_ids=2
[    0.004000] NR_IRQS: 524544, nr_irqs: 440, preallocated irqs: 16
[    0.004000] random: crng init done
[    0.004000] Console: colour VGA+ 80x25
[    0.004000] console [tty1] enabled
[    0.004000] console [ttyS0] enabled
[    0.004000] ACPI: Core revision 20170831
[    0.004000] ACPI: 2 ACPI AML tables successfully acquired and loaded
[    0.004000] APIC: Switch to symmetric I/O mode setup
[    0.004000] x2apic enabled
[    0.004000] Switched APIC routing to physical x2apic.
[    0.004000] ..TIMER: vector=0x30 apic1=0 pin1=2 apic2=-1 pin2=-1
[    0.004000] tsc: Detected 3193.998 MHz processor
[    0.004000] Calibrating delay loop (skipped) preset value.. 6387.99 BogoMIPS (lpj=12775992)
[    0.004000] pid_max: default: 32768 minimum: 301
[    0.004000] Security Framework initialized
[    0.004000] Yama: becoming mindful.
[    0.004000] AppArmor: AppArmor initialized
[    0.004000] Dentry cache hash table entries: 131072 (order: 8, 1048576 bytes)
[    0.004000] Inode-cache hash table entries: 65536 (order: 7, 524288 bytes)
[    0.004000] Mount-cache hash table entries: 2048 (order: 2, 16384 bytes)
[    0.004000] Mountpoint-cache hash table entries: 2048 (order: 2, 16384 bytes)
[    0.004000] Last level iTLB entries: 4KB 512, 2MB 512, 4MB 256
[    0.004000] Last level dTLB entries: 4KB 2048, 2MB 2048, 4MB 1024, 1GB 0
[    0.004000] Spectre V1 : Mitigation: usercopy/swapgs barriers and __user pointer sanitization
[    0.004000] Spectre V2 : Mitigation: Retpolines
[    0.004000] Spectre V2 : Spectre v2 / SpectreRSB mitigation: Filling RSB on context switch
[    0.004000] Spectre V2 : Spectre v2 / SpectreRSB : Filling RSB on VMEXIT
[    0.004000] Freeing SMP alternatives memory: 36K
[    0.118346] APIC calibration not consistent with PM-Timer: 104ms instead of 100ms
[    0.119114] APIC delta adjusted to PM-Timer: 6345261 (6645867)
[    0.119700] smpboot: CPU0: AMD Ryzen 7 5800H with Radeon Graphics (family: 0x19, model: 0x50, stepping: 0x0)
[    0.120000] Performance Events: PMU not available due to virtualization, using software events only.
[    0.120000] Hierarchical SRCU implementation.
[    0.120000] NMI watchdog: Perf event create on CPU 0 failed with -2
[    0.120000] NMI watchdog: Perf NMI watchdog permanently disabled
[    0.120000] smp: Bringing up secondary CPUs ...
[    0.120057] x86: Booting SMP configuration:
[    0.120457] .... node  #0, CPUs:      #1
[    0.004000] kvm-clock: cpu 1, msr 0:3ff44041, secondary cpu clock
[    0.123640] smp: Brought up 1 node, 2 CPUs
[    0.124002] smpboot: Max logical packages: 1
[    0.124391] smpboot: Total of 2 processors activated (12775.99 BogoMIPS)
[    0.125084] devtmpfs: initialized
[    0.125084] x86/mm: Memory block size: 128MB
[    0.125084] evm: security.selinux
[    0.125186] evm: security.SMACK64
[    0.125504] evm: security.SMACK64EXEC
[    0.125872] evm: security.SMACK64TRANSMUTE
[    0.126277] evm: security.SMACK64MMAP
[    0.126631] evm: security.apparmor
[    0.128001] evm: security.ima
[    0.128304] evm: security.capability
[    0.128640] clocksource: jiffies: mask: 0xffffffff max_cycles: 0xffffffff, max_idle_ns: 7645041785100000 ns
[    0.129169] futex hash table entries: 512 (order: 3, 32768 bytes)
[    0.130016] pinctrl core: initialized pinctrl subsystem
[    0.130016] RTC time:  8:28:04, date: 04/15/23
[    0.130016] NET: Registered protocol family 16
[    0.130062] audit: initializing netlink subsys (disabled)
[    0.132023] audit: type=2000 audit(1681547288.199:1): state=initialized audit_enabled=0 res=1
[    0.136020] cpuidle: using governor ladder
[    0.136419] cpuidle: using governor menu
[    0.136629] ACPI: bus type PCI registered
[    0.136629] acpiphp: ACPI Hot Plug PCI Controller Driver version: 0.5
[    0.137724] PCI: Using configuration type 1 for base access
[    0.140011] PCI: Using configuration type 1 for extended access
[    0.141143] HugeTLB registered 2.00 MiB page size, pre-allocated 0 pages
[    0.144040] ACPI: Added _OSI(Module Device)
[    0.144449] ACPI: Added _OSI(Processor Device)
[    0.144891] ACPI: Added _OSI(3.0 _SCP Extensions)
[    0.145328] ACPI: Added _OSI(Processor Aggregator Device)
[    0.145834] ACPI: Added _OSI(Linux-Dell-Video)
[    0.146251] ACPI: Added _OSI(Linux-Lenovo-NV-HDMI-Audio)
[    0.146719] ACPI: Added _OSI(Linux-HPI-Hybrid-Graphics)
[    0.147306] ACPI: Executed 1 blocks of module-level executable AML code
[    0.149570] ACPI: Interpreter enabled
[    0.149909] ACPI: (supports S0 S5)
[    0.150260] ACPI: Using IOAPIC for interrupt routing
[    0.150837] PCI: Using host bridge windows from ACPI; if necessary, use "pci=nocrs" and report a bug
[    0.151708] ACPI: Enabled 2 GPEs in block 00 to 07
[    0.154727] ACPI: PCI Root Bridge [PCI0] (domain 0000 [bus 00-ff])
[    0.155297] acpi PNP0A03:00: _OSC: OS supports [ExtendedConfig ASPM ClockPM Segments MSI]
[    0.156494] acpi PNP0A03:00: _OSC: platform does not support [PCIeCapability]
[    0.157409] acpi PNP0A03:00: _OSC: not requesting control; platform does not support [PCIeCapability]
[    0.158220] acpi PNP0A03:00: _OSC: OS requested [PCIeHotplug PME AER PCIeCapability]
[    0.158927] acpi PNP0A03:00: _OSC: platform willing to grant [PCIeHotplug PME AER]
[    0.159880] acpi PNP0A03:00: _OSC failed (AE_SUPPORT); disabling ASPM
[    0.160166] PCI host bridge to bus 0000:00
[    0.160542] pci_bus 0000:00: root bus resource [io  0x0000-0x0cf7 window]
[    0.161153] pci_bus 0000:00: root bus resource [io  0x0d00-0xffff window]
[    0.161763] pci_bus 0000:00: root bus resource [mem 0x000a0000-0x000bffff window]
[    0.162455] pci_bus 0000:00: root bus resource [mem 0x40000000-0xfdffffff window]
[    0.163131] pci_bus 0000:00: root bus resource [bus 00-ff]
[    0.164680] pci 0000:00:01.1: legacy IDE quirk: reg 0x10: [io  0x01f0-0x01f7]
[    0.165278] pci 0000:00:01.1: legacy IDE quirk: reg 0x14: [io  0x03f6]
[    0.165860] pci 0000:00:01.1: legacy IDE quirk: reg 0x18: [io  0x0170-0x0177]
[    0.166487] pci 0000:00:01.1: legacy IDE quirk: reg 0x1c: [io  0x0376]
[    0.172186] pci 0000:00:07.0: quirk: [io  0x4000-0x403f] claimed by PIIX4 ACPI
[    0.172889] pci 0000:00:07.0: quirk: [io  0x4100-0x410f] claimed by PIIX4 SMB
[    0.176958] ACPI: PCI Interrupt Link [LNKA] (IRQs 5 9 10 *11)
[    0.177639] ACPI: PCI Interrupt Link [LNKB] (IRQs 5 9 *10 11)
[    0.178242] ACPI: PCI Interrupt Link [LNKC] (IRQs 5 *9 10 11)
[    0.178801] ACPI: PCI Interrupt Link [LNKD] (IRQs 5 9 10 *11)
[    0.179512] SCSI subsystem initialized
[    0.180018] pci 0000:00:02.0: vgaarb: setting as boot VGA device
[    0.180577] pci 0000:00:02.0: vgaarb: VGA device added: decodes=io+mem,owns=io+mem,locks=none
[    0.181294] pci 0000:00:02.0: vgaarb: bridge control possible
[    0.181810] vgaarb: loaded
[    0.182127] ACPI: bus type USB registered
[    0.182489] usbcore: registered new interface driver usbfs
[    0.182996] usbcore: registered new interface driver hub
[    0.183494] usbcore: registered new device driver usb
[    0.184008] EDAC MC: Ver: 3.0.0
[    0.184392] PCI: Using ACPI for IRQ routing
[    0.184699] NetLabel: Initializing
[    0.185133] NetLabel:  domain hash size = 128
[    0.185689] NetLabel:  protocols = UNLABELED CIPSOv4 CALIPSO
[    0.186724] NetLabel:  unlabeled traffic allowed by default
[    0.188071] clocksource: Switched to clocksource kvm-clock
[    0.195085] VFS: Disk quotas dquot_6.6.0
[    0.195474] VFS: Dquot-cache hash table entries: 512 (order 0, 4096 bytes)
[    0.196152] AppArmor: AppArmor Filesystem Enabled
[    0.196611] pnp: PnP ACPI init
[    0.197384] pnp: PnP ACPI: found 3 devices
[    0.204745] clocksource: acpi_pm: mask: 0xffffff max_cycles: 0xffffff, max_idle_ns: 2085701024 ns
[    0.205613] NET: Registered protocol family 2
[    0.206430] IP idents hash table entries: 16384 (order: 5, 131072 bytes)
[    0.207150] TCP established hash table entries: 8192 (order: 4, 65536 bytes)
[    0.207819] TCP bind hash table entries: 8192 (order: 5, 131072 bytes)
[    0.208422] TCP: Hash tables configured (established 8192 bind 8192)
[    0.208980] UDP hash table entries: 512 (order: 2, 16384 bytes)
[    0.209536] UDP-Lite hash table entries: 512 (order: 2, 16384 bytes)
[    0.210060] NET: Registered protocol family 1
[    0.210434] pci 0000:00:00.0: Limiting direct PCI/PCI transfers
[    0.211014] pci 0000:00:01.0: Activating ISA DMA hang workarounds
[    0.211571] pci 0000:00:02.0: Video device with shadowed ROM at [mem 0x000c0000-0x000dffff]
[    0.212406] Unpacking initramfs...
[    0.212410] Freeing initrd memory: 19532K
[    0.212410] clocksource: tsc: mask: 0xffffffffffffffff max_cycles: 0x2e0a244aeba, max_idle_ns: 440795290469 ns
[    0.212410] platform rtc_cmos: registered platform RTC device (no PNP device found)
[    0.212410] Scanning for low memory corruption every 60 seconds
[    0.388892] Initialise system trusted keyrings
[    0.389456] Key type blacklist registered
[    0.390016] workingset: timestamp_bits=36 max_order=18 bucket_order=0
[    0.391334] zbud: loaded
[    0.391943] squashfs: version 4.0 (2009/01/31) Phillip Lougher
[    0.392762] fuse init (API version 7.26)
[    0.395713] Key type asymmetric registered
[    0.396225] Asymmetric key parser 'x509' registered
[    0.396850] Block layer SCSI generic (bsg) driver version 0.4 loaded (major 246)
[    0.397816] io scheduler noop registered
[    0.398224] io scheduler deadline registered
[    0.398665] io scheduler cfq registered (default)
[    0.399326] ACPI: AC Adapter [AC] (on-line)
[    0.399782] input: Power Button as /devices/LNXSYSTM:00/LNXPWRBN:00/input/input0
[    0.400547] ACPI: Power Button [PWRF]
[    0.400957] input: Sleep Button as /devices/LNXSYSTM:00/LNXSLPBN:00/input/input1
[    0.401684] ACPI: Sleep Button [SLPF]
[    0.402349] Serial: 8250/16550 driver, 32 ports, IRQ sharing enabled
[    0.402668] ACPI: Battery Slot [BAT0] (battery present)
[    0.424103] 00:02: ttyS0 at I/O 0x3f8 (irq = 4, base_baud = 115200) is a 16550A
[    0.426624] Linux agpgart interface v0.103
[    0.428458] loop: module loaded
[    0.429197] scsi host0: ata_piix
[    0.429683] scsi host1: ata_piix
[    0.430127] ata1: PATA max UDMA/33 cmd 0x1f0 ctl 0x3f6 bmdma 0xd000 irq 14
[    0.430924] ata2: PATA max UDMA/33 cmd 0x170 ctl 0x376 bmdma 0xd008 irq 15
[    0.432491] tun: Universal TUN/TAP device driver, 1.6
[    0.433554] PPP generic driver version 2.4.2
[    0.434163] ehci_hcd: USB 2.0 'Enhanced' Host Controller (EHCI) Driver
[    0.434933] ehci-pci: EHCI PCI platform driver
[    0.435680] ehci-platform: EHCI generic platform driver
[    0.436687] ohci_hcd: USB 1.1 'Open' Host Controller (OHCI) Driver
[    0.437685] ohci-pci: OHCI PCI platform driver
[    0.438304] ohci-platform: OHCI generic platform driver
[    0.439336] uhci_hcd: USB Universal Host Controller Interface driver
[    0.440650] i8042: PNP: PS/2 Controller [PNP0303:PS2K,PNP0f03:PS2M] at 0x60,0x64 irq 1,12
[    0.442355] serio: i8042 KBD port at 0x60,0x64 irq 1
[    0.443389] serio: i8042 AUX port at 0x60,0x64 irq 12
[    0.444150] mousedev: PS/2 mouse device common for all mice
[    0.445553] input: AT Translated Set 2 keyboard as /devices/platform/i8042/serio0/input/input2
[    0.446892] rtc_cmos rtc_cmos: rtc core: registered rtc_cmos as rtc0
[    0.447728] rtc_cmos rtc_cmos: alarms up to one day, 114 bytes nvram
[    0.448737] i2c /dev entries driver
[    0.449526] device-mapper: uevent: version 1.0.3
[    0.450174] device-mapper: ioctl: 4.37.0-ioctl (2017-09-20) initialised: dm-devel@redhat.com
[    0.451650] ledtrig-cpu: registered to indicate activity on CPUs
[    0.452998] NET: Registered protocol family 10
[    0.456049] Segment Routing with IPv6
[    0.456447] NET: Registered protocol family 17
[    0.456965] Key type dns_resolver registered
[    0.457737] mce: Using 0 MCE banks
[    0.458105] RAS: Correctable Errors collector initialized.
[    0.458674] sched_clock: Marking stable (457712549, 0)->(555120079, -97407530)
[    0.459613] registered taskstats version 1
[    0.460027] Loading compiled-in X.509 certificates
[    0.461785] Loaded X.509 cert 'Build time autogenerated kernel key: 05d3fa630a0ed8a65520e390196b077fd5e65720'
[    0.463062] Loaded X.509 cert 'Canonical Ltd. Live Patch Signing: 14df34d1a87cf37625abec039ef2bf521249b969'
[    0.464320] Loaded X.509 cert 'Canonical Ltd. Kernel Module Signing: 88f752e560a1e0737e31163a466ad7b70a850c19'
[    0.465263] blacklist: Loading compiled-in revocation X.509 certificates
[    0.465924] Loaded X.509 cert 'Canonical Ltd. Secure Boot Signing: 61482aa2830d0ab2ad5af10b7250da9033ddcef0'
[    0.466838] Loaded X.509 cert 'Canonical Ltd. Secure Boot Signing (2017): 242ade75ac4a15e50d50c84b0d45ff3eae707a03'
[    0.467843] Loaded X.509 cert 'Canonical Ltd. Secure Boot Signing (ESM 2018): 365188c1d374d6b07c3c8f240f8ef722433d6a8b'
[    0.468908] Loaded X.509 cert 'Canonical Ltd. Secure Boot Signing (2019): c0746fd6c5da3ae827864651ad66ae47fe24b3e8'
[    0.469892] Loaded X.509 cert 'Canonical Ltd. Secure Boot Signing (2021 v1): a8d54bbb3825cfb94fa13c9f8a594a195c107b8d'
[    0.470912] Loaded X.509 cert 'Canonical Ltd. Secure Boot Signing (2021 v2): 4cf046892d6fd3c9a5b03f98d845f90851dc6a8c'
[    0.471947] Loaded X.509 cert 'Canonical Ltd. Secure Boot Signing (2021 v3): 100437bb6de6e469b581e61cd66bce3ef4ed53af'
[    0.472996] Loaded X.509 cert 'Canonical Ltd. Secure Boot Signing (Ubuntu Core 2019): c1d57b8f6b743f23ee41f4f7ee292f06eecadfb9'
[    0.474159] zswap: loaded using pool lzo/zbud
[    0.476456] Key type big_key registered
[    0.476864] Key type trusted registered
[    0.478245] Key type encrypted registered
[    0.478662] AppArmor: AppArmor sha1 policy hashing enabled
[    0.479227] ima: No TPM chip found, activating TPM-bypass! (rc=-19)
[    0.479818] ima: Allocated hash algorithm: sha1
[    0.480297] evm: HMAC attrs: 0x1
[    0.480722]   Magic number: 3:886:472
[    0.481101] acpi LNXSYSTM:00: hash matches
[    0.481590] rtc_cmos rtc_cmos: setting system clock to 2023-04-15 08:28:04 UTC (1681547284)
[    0.482509] BIOS EDD facility v0.16 2004-Jun-25, 0 devices found
[    0.483264] EDD information not available.
[    0.617302] Freeing unused kernel image memory: 2480K
[    0.632086] Write protecting the kernel read-only data: 20480k
[    0.633722] Freeing unused kernel image memory: 2008K
[    0.634717] Freeing unused kernel image memory: 1820K
[    0.642938] x86/mm: Checked W+X mappings: passed, no W+X pages found.
Loading, please wait...
starting version 237
[    0.684311] e1000: Intel(R) PRO/1000 Network Driver - version 7.3.21-k8-NAPI
[    0.685233] e1000: Copyright (c) 1999-2006 Intel Corporation.
[    0.685990] Fusion MPT base driver 3.04.20
[    0.686418] Copyright (c) 1999-2008 LSI Corporation
[    0.689193] Fusion MPT SPI Host driver 3.04.20
[    0.695889] AVX2 version of gcm_enc/dec engaged.
[    0.696371] AES CTR mode by8 optimization enabled
[    0.911806] input: ImExPS/2 Generic Explorer Mouse as /devices/platform/i8042/serio1/input/input4
[    1.183876] e1000 0000:00:03.0 eth0: (PCI:33MHz:32-bit) 02:a9:d6:08:d7:18
[    1.184572] e1000 0000:00:03.0 eth0: Intel(R) PRO/1000 Network Connection
[    1.185767] mptbase: ioc0: Initiating bringup
[    1.299254] ioc0: LSI53C1030 A0: Capabilities={Initiator}
[    1.540070] scsi host2: ioc0: LSI53C1030 A0, FwRev=00000000h, Ports=1, MaxQ=256, IRQ=20
[    2.791379] scsi 2:0:0:0: Direct-Access     VBOX     HARDDISK         1.0  PQ: 0 ANSI: 5
[    2.828029] scsi target2:0:0: Beginning Domain Validation
[    2.831785] scsi target2:0:0: Domain Validation skipping write tests
[    2.833972] scsi target2:0:0: Ending Domain Validation
[    2.835833] scsi target2:0:0: asynchronous
[    2.838063] scsi 2:0:1:0: Direct-Access     VBOX     HARDDISK         1.0  PQ: 0 ANSI: 5
[    3.108362] scsi target2:0:1: Beginning Domain Validation
[    3.110081] scsi target2:0:1: Domain Validation skipping write tests
[    3.110827] scsi target2:0:1: Ending Domain Validation
[    3.111572] scsi target2:0:1: asynchronous
[    3.114216] sd 2:0:0:0: [sda] 83886080 512-byte logical blocks: (42.9 GB/40.0 GiB)
[    3.114229] sd 2:0:0:0: Attached scsi generic sg0 type 0
[    3.115678] sd 2:0:0:0: [sda] Write Protect is off
[    3.116252] sd 2:0:0:0: [sda] Incomplete mode parameter data
[    3.116319] sd 2:0:1:0: Attached scsi generic sg1 type 0
[    3.116811] sd 2:0:0:0: [sda] Assuming drive cache: write through
[    3.117607] sd 2:0:1:0: [sdb] 20480 512-byte logical blocks: (10.5 MB/10.0 MiB)
[    3.119065] sd 2:0:1:0: [sdb] Write Protect is off
[    3.119737] sd 2:0:1:0: [sdb] Incomplete mode parameter data
[    3.120443] sd 2:0:1:0: [sdb] Assuming drive cache: write through
[    3.132127]  sda: sda1
[    3.133139] sd 2:0:0:0: [sda] Attached SCSI disk
[    3.133958] sd 2:0:1:0: [sdb] Attached SCSI disk
[    3.138682] e1000 0000:00:08.0 eth1: (PCI:33MHz:32-bit) 08:00:27:65:23:1e
[    3.139405] e1000 0000:00:08.0 eth1: Intel(R) PRO/1000 Network Connection
[    3.141504] e1000 0000:00:08.0 enp0s8: renamed from eth1
[    3.156308] e1000 0000:00:03.0 enp0s3: renamed from eth0
Begin: Loading essential drivers ... [    4.620101] raid6: sse2x1   gen()  3994 MB/s
[    4.668094] raid6: sse2x1   xor() 10761 MB/s
[    4.716083] raid6: sse2x2   gen() 13129 MB/s
[    4.764078] raid6: sse2x2   xor() 15674 MB/s
[    4.812080] raid6: sse2x4   gen() 21249 MB/s
[    4.860080] raid6: sse2x4   xor() 12496 MB/s
[    4.908081] raid6: avx2x1   gen() 16841 MB/s
[    4.956109] raid6: avx2x1   xor() 25646 MB/s
[    5.004097] raid6: avx2x2   gen() 32970 MB/s
[    5.052102] raid6: avx2x2   xor() 30914 MB/s
[    5.100101] raid6: avx2x4   gen() 37950 MB/s
[    5.148088] raid6: avx2x4   xor() 17870 MB/s
[    5.148596] raid6: using algorithm avx2x4 gen() 37950 MB/s
[    5.149151] raid6: .... xor() 17870 MB/s, rmw enabled
[    5.149690] raid6: using avx2x2 recovery algorithm
[    5.150806] xor: automatically using best checksumming function   avx       
[    5.152060] async_tx: api initialized (async)
done.
Begin: Running /scripts/init-premount ... done.
Begin: Mounting root file system ... Begin: Running /scripts/local-top ... done.
Begin: Running /scripts/local-premount ... [    5.177011] Btrfs loaded, crc32c=crc32c-intel
Scanning for Btrfs filesystems
done.
Warning: fsck not present, so skipping root file system
[    5.202289] EXT4-fs (sda1): mounted filesystem with ordered data mode. Opts: (null)
done.
Begin: Running /scripts/local-bottom ... done.
Begin: Running /scripts/init-bottom ... done.
[    5.292126] ip_tables: (C) 2000-2006 Netfilter Core Team
[    5.296629] systemd[1]: systemd 237 running in system mode. (+PAM +AUDIT +SELINUX +IMA +APPARMOR +SMACK +SYSVINIT +UTMP +LIBCRYPTSETUP +GCRYPT +GNUTLS +ACL +XZ +LZ4 +SECCOMP +BLKID +ELFUTILS +KMOD -IDN2 +IDN -PCRE2 default-hierarchy=hybrid)
[    5.298906] systemd[1]: Detected virtualization oracle.
[    5.299447] systemd[1]: Detected architecture x86-64.

Welcome to [1mUbuntu 18.04.6 LTS[0m!

[    5.302491] systemd[1]: Set hostname to <ubuntu>.
[    5.303763] systemd[1]: Initializing machine ID from random generator.
[    5.304466] systemd[1]: Installed transient /etc/machine-id file.
[    5.455495] systemd[1]: Set up automount Arbitrary Executable File Formats File System Automount Point.
[[0;32m  OK  [0m] Set up automount Arbitrary Executabâ€¦rmats File System Automount Point.
[    5.469165] systemd[1]: Created slice System Slice.
[[0;32m  OK  [0m] Created slice System Slice.
[    5.480308] systemd[1]: Listening on udev Control Socket.
[[0;32m  OK  [0m] Listening on udev Control Socket.
[    5.481402] systemd[1]: Listening on Journal Audit Socket.
[[0;32m  OK  [0m] Listening on Journal Audit Socket.
[[0;32m  OK  [0m] Listening on /dev/initctl Compatibility Named Pipe.
[[0;32m  OK  [0m] Listening on fsck to fsckd communication Socket.
[[0;32m  OK  [0m] Listening on Journal Socket (/dev/log).
[[0;32m  OK  [0m] Started Forward Password Requests to Wall Directory Watch.
[[0;32m  OK  [0m] Listening on LVM2 metadata daemon socket.
[[0;32m  OK  [0m] Listening on LVM2 poll daemon socket.
[[0;32m  OK  [0m] Created slice User and Session Slice.
[[0;32m  OK  [0m] Reached target Slices.
[[0;32m  OK  [0m] Listening on Network Service Netlink Socket.
[[0;32m  OK  [0m] Reached target Mounting snaps.
[[0;32m  OK  [0m] Reached target System Time Synchronized.
[[0;32m  OK  [0m] Listening on Journal Socket.
         Starting Load Kernel Modules...
         Starting Create list of required stâ€¦ce nodes for the current kernel...
         Starting Set the console keyboard layout...
[    5.656490] Loading iSCSI transport class v2.0-870.
[    5.659578] iscsi: registered transport (tcp)
         Mounting Kernel Debug File System...
[    5.667676] iscsi: registered transport (iser)
         Mounting Huge Pages File System...
         Starting Uncomplicated firewall...
         Mounting POSIX Message Queue File System...
[[0;32m  OK  [0m] Listening on Device-mapper event daemon FIFOs.
         Starting Monitoring of LVM2 mirrorsâ€¦ng dmeventd or progress polling...
[[0;32m  OK  [0m] Reached target Mounted snaps.
         Starting File System Check on Root Device...
[[0;32m  OK  [0m] Created slice system-serial\x2dgetty.slice.
[[0;32m  OK  [0m] Reached target User and Group Name Lookups.
[[0;32m  OK  [0m] Listening on Syslog Socket.
         Starting Journal Service...
[[0;32m  OK  [0m] Listening on udev Kernel Socket.
         Starting udev Coldplug all Devices...
[[0;32m  OK  [0m] Reached target Swap.
[[0;32m  OK  [0m] Started Load Kernel Modules.
[[0;32m  OK  [0m] Started Create list of required staâ€¦vice nodes for the current kernel.
[[0;32m  OK  [0m] Mounted Kernel Debug File System.
[[0;32m  OK  [0m] Mounted Huge Pages File System.
[[0;32m  OK  [0m] Started Uncomplicated firewall.
[[0;32m  OK  [0m] Mounted POSIX Message Queue File System.
         Starting Create Static Device Nodes in /dev...
         Mounting FUSE Control File System...
         Mounting Kernel Configuration File System...
         Starting Apply Kernel Variables...
[[0;32m  OK  [0m] Mounted FUSE Control File System.
[[0;32m  OK  [0m] Mounted Kernel Configuration File System.
[[0;32m  OK  [0m] Started LVM2 metadata daemon.
[[0;32m  OK  [0m] Started File System Check Daemon to report status.
[[0;32m  OK  [0m] Started File System Check on Root Device.
         Starting Remount Root and Kernel File Systems...
[[0;32m  OK  [0m] Started Journal Service.
[[0;32m  OK  [0m] Started Create Static Device Nodes in /dev.
[[0;32m  OK  [0m] Started udev Coldplug all Devices.
[[0;32m  OK  [0m] Started Apply Kernel Variables.
[[0;32m  OK  [0m] Started Remount Root and Kernel File Systems.
[[0;32m  OK  [0m] Started Monitoring of LVM2 mirrors,â€¦sing dmeventd or progress polling.
         Starting udev Kernel Device Manager...
         Starting Flush Journal to Persistent Storage...
         Starting Load/Save Random Seed...
[[0;32m  OK  [0m] Started udev Kernel Device Manager.
[[0;32m  OK  [0m] Started Set the console keyboard layout.
[[0;32m  OK  [0m] Reached target Local File Systems (Pre).
[[0;32m  OK  [0m] Reached target Local File Systems.
         Starting AppArmor initialization...
         Starting Tell Plymouth To Write Out Runtime Data...
         Starting Commit a transient machine-id on disk...
         Starting ebtables ruleset management...
         Starting Set console font and keymap...
[[0;32m  OK  [0m] Started Dispatch Password Requests to Console Directory Watch.
[[0;32m  OK  [0m] Reached target Local Encrypted Volumes.
[[0;32m  OK  [0m] Started Load/Save Random Seed.
[[0;32m  OK  [0m] Started Tell Plymouth To Write Out Runtime Data.
[[0;32m  OK  [0m] Started Flush Journal to Persistent Storage.
         Starting Create Volatile Files and Directories...
[[0;32m  OK  [0m] Started Set console font and keymap.
[[0;32m  OK  [0m] Started Create Volatile Files and Directories.
         Starting Update UTMP about System Boot/Shutdown...
[[0;32m  OK  [0m] Started Update UTMP about System Boot/Shutdown.
[[0;32m  OK  [0m] Started Commit a transient machine-id on disk.
[[0;32m  OK  [0m] Started ebtables ruleset management.
[[0;32m  OK  [0m] Found device /dev/ttyS0.
[[0;32m  OK  [0m] Listening on Load/Save RF Kill Switch Status /dev/rfkill Watch.
         Mounting Arbitrary Executable File Formats File System...
[[0;32m  OK  [0m] Mounted Arbitrary Executable File Formats File System.
[[0;32m  OK  [0m] Started AppArmor initialization.
         Starting Load AppArmor profiles managed internally by snapd...
         Starting Initial cloud-init job (pre-networking)...
[[0;32m  OK  [0m] Started Load AppArmor profiles managed internally by snapd.
[    7.136082] cloud-init[579]: Cloud-init v. 23.1.1-0ubuntu0~18.04.1 running 'init-local' at Sat, 15 Apr 2023 08:28:10 +0000. Up 6.94 seconds.
[[0;32m  OK  [0m] Started Initial cloud-init job (pre-networking).
[[0;32m  OK  [0m] Reached target Network (Pre).
         Starting Network Service...
[[0;32m  OK  [0m] Started Network Service.
         Starting Wait for Network to be Configured...
         Starting Network Name Resolution...
[[0;32m  OK  [0m] Started Network Name Resolution.
[[0;32m  OK  [0m] Reached target Host and Network Name Lookups.
[[0;32m  OK  [0m] Reached target Network.
[[0;32m  OK  [0m] Started Wait for Network to be Configured.
         Starting Initial cloud-init job (metadata service crawler)...
[    9.564841] cloud-init[703]: Cloud-init v. 23.1.1-0ubuntu0~18.04.1 running 'init' at Sat, 15 Apr 2023 08:28:13 +0000. Up 9.47 seconds.
[    9.565371] cloud-init[703]: ci-info: ++++++++++++++++++++++++++++++++++++++Net device info+++++++++++++++++++++++++++++++++++++++
[    9.566421] cloud-init[703]: ci-info: +--------+-------+----------------------------+---------------+--------+-------------------+
[    9.566840] cloud-init[703]: ci-info: | Device |   Up  |          Address           |      Mask     | Scope  |     Hw-Address    |
[    9.567209] cloud-init[703]: ci-info: +--------+-------+----------------------------+---------------+--------+-------------------+
[    9.567602] cloud-init[703]: ci-info: | enp0s3 |  True |         10.0.2.15          | 255.255.255.0 | global | 02:a9:d6:08:d7:18 |
[    9.567979] cloud-init[703]: ci-info: | enp0s3 |  True | fe80::a9:d6ff:fe08:d718/64 |       .       |  link  | 02:a9:d6:08:d7:18 |
[    9.568430] cloud-init[703]: ci-info: | enp0s8 | False |             .              |       .       |   .    | 08:00:27:65:23:1e |
[    9.568793] cloud-init[703]: ci-info: |   lo   |  True |         127.0.0.1          |   255.0.0.0   |  host  |         .         |
[    9.569139] cloud-init[703]: ci-info: |   lo   |  True |          ::1/128           |       .       |  host  |         .         |
[    9.569551] cloud-init[703]: ci-info: +--------+-------+----------------------------+---------------+--------+-------------------+
[    9.569975] cloud-init[703]: ci-info: ++++++++++++++++++++++++++++Route IPv4 info+++++++++++++++++++++++++++++
[    9.570286] cloud-init[703]: ci-info: +-------+-------------+----------+-----------------+-----------+-------+
[    9.570641] cloud-init[703]: ci-info: | Route | Destination | Gateway  |     Genmask     | Interface | Flags |
[    9.570993] cloud-init[703]: ci-info: +-------+-------------+----------+-----------------+-----------+-------+
[    9.571393] cloud-init[703]: ci-info: |   0   |   0.0.0.0   | 10.0.2.2 |     0.0.0.0     |   enp0s3  |   UG  |
[    9.571741] cloud-init[703]: ci-info: |   1   |   10.0.2.0  | 0.0.0.0  |  255.255.255.0  |   enp0s3  |   U   |
[    9.572100] cloud-init[703]: ci-info: |   2   |   10.0.2.2  | 0.0.0.0  | 255.255.255.255 |   enp0s3  |   UH  |
[    9.572465] cloud-init[703]: ci-info: +-------+-------------+----------+-----------------+-----------+-------+
[    9.572816] cloud-init[703]: ci-info: +++++++++++++++++++Route IPv6 info+++++++++++++++++++
[    9.573120] cloud-init[703]: ci-info: +-------+-------------+---------+-----------+-------+
[    9.573488] cloud-init[703]: ci-info: | Route | Destination | Gateway | Interface | Flags |
[    9.573804] cloud-init[703]: ci-info: +-------+-------------+---------+-----------+-------+
[    9.574119] cloud-init[703]: ci-info: |   1   |  fe80::/64  |    ::   |   enp0s3  |   U   |
[    9.574434] cloud-init[703]: ci-info: |   3   |    local    |    ::   |   enp0s3  |   U   |
[    9.574756] cloud-init[703]: ci-info: |   4   |   ff00::/8  |    ::   |   enp0s3  |   U   |
[    9.575081] cloud-init[703]: ci-info: +-------+-------------+---------+-----------+-------+
[   10.459448] cloud-init[703]: Generating public/private rsa key pair.
[   10.460169] cloud-init[703]: Your identification has been saved in /etc/ssh/ssh_host_rsa_key.
[   10.460690] cloud-init[703]: Your public key has been saved in /etc/ssh/ssh_host_rsa_key.pub.
[   10.460997] cloud-init[703]: The key fingerprint is:
[   10.461232] cloud-init[703]: SHA256:/4iyBZqO6lE0gHRZWLjLXU/EGlAwFFu011u0sXHWUNw root@ubuntu-bionic
[   10.461551] cloud-init[703]: The key's randomart image is:
[   10.472265] cloud-init[703]: +---[RSA 2048]----+
[   10.472675] cloud-init[703]: |oo .BO*+.    +.*+|
[   10.484256] cloud-init[703]: |. o+  +..o. . B E|
[   10.484680] cloud-init[703]: |   o.. .+. . +   |
[   10.484901] cloud-init[703]: |  ...  o..  o    |
[   10.485130] cloud-init[703]: |  ..o o S  .     |
[   10.485369] cloud-init[703]: |  .o + . o       |
[   10.485604] cloud-init[703]: | .  o   . .      |
[   10.496208] cloud-init[703]: |  .o  .. . o     |
[   10.496670] cloud-init[703]: |oo. . .o. . .    |
[   10.496893] cloud-init[703]: +----[SHA256]-----+
[   10.497117] cloud-init[703]: Generating public/private dsa key pair.
[   10.497388] cloud-init[703]: Your identification has been saved in /etc/ssh/ssh_host_dsa_key.
[   10.497684] cloud-init[703]: Your public key has been saved in /etc/ssh/ssh_host_dsa_key.pub.
[[0;32m  OK  [0m] Started Initial cloud-init job (metadata service crawler).
[   10.508531] cloud-init[703]: The key fingerprint is:
[[0;32m  OK  [0m] Reached target System Initialization.
[[0;32m  OK  [0m] Listening on D-Bus System Message Bus Socket.
[[0;32m  OK  [0m] Listening on cloud-init hotplug hook socket.
[[0;32m  OK  [0m] Listening on Open-iSCSI iscsid Socket.
[[0;32m  OK  [0m] Listening on UUID daemon activation socket.
[[0;32m  OK  [0m] Started Daily apt download activities.
[   10.509698] cloud-init[703]: SHA256:aOZMcXIGLldCatn5RZl8WKb3OZdr37mz9PIJiwhjkyc root@ubuntu-bionic
[   10.510041] cloud-init[703]: The key's randomart image is:
         Starting Socket activation for snappy daemon.
[[0;32m  OK  [0m] Listening on ACPID Listen Socket.
[   10.510945] cloud-init[[0;32m  OK  [0m] Started Daily apt upgrade and clean activities.
[[0;32m  OK  [0m] Started Daily Cleanup of Temporary Directories.
[703]: [[0;32m  OK  [0m] Started Discard unused blocks once a week.
[[0;32m  OK  [0m] Started Ubuntu Advantage Timer for running repeated jobs.
+---[DSA 1024]----+[[0;32m  OK  [0m] Started Message of the Day.
[[0;32m  OK  [0m] Reached target Timers.

[   10.511860] cloud-init[703]: |     .+ ...=o    |
[   10.512081] cloud-init[703]: |     = = .=o.    |         Starting LXD - unix socket.

[   10.512396] cloud-init[703]: |    = B + o..    |
[   10.512667] cloud-init[[0;32m  OK  [0m] Started ACPI Events Check.
[[0;32m  OK  [0m] Reached target Paths.
[[0;32m  OK  [0m] Reached target Cloud-config availability.
[[0;32m  OK  [0m] Reached target Network is Online.
[703]: |   . o O . . . ..|
         Starting Availability of block devices...
[[0;32m  OK  [0m] Reached target Remote File Systems (Pre).
[[0;32m  OK  [0m] Reached target Remote File Systems.
[   10.522334] cloud-init[[0;32m  OK  [0m] Listening on Socket activation for snappy daemon.
[[0;32m  OK  [0m] Listening on LXD - unix socket.
[703]: |      = S     +..|
[[0;32m  OK  [0m] Started Availability of block devices.
[   10.544275] cloud-init[703]: |     *  .      o.|
[   10.544801] cloud-init[703]: |      oE .   . + |
[[   10.545046] [0;32m  OK  [0mcloud-init[703]: |      . * . . *.*|
[   10.545102] cloud-init[703]: |         . . . BO|
[   10.545145] cloud-init[703]: +----[SHA256]-----+
[   10.545239] cloud-init[703]: Generating public/private ecdsa key pair.
[   10.545291] cloud-init[703]: Your identification has been saved in /etc/ssh/ssh_host_ecdsa_key.
[   10.545403] cloud-init[703]: Your public key has been saved in /etc/ssh/ssh_host_ecdsa_key.pub.
[   10.545485] cloud-init[703]: The key fingerprint is:
[   10.545562] cloud-init[703]: SHA256:AGUH742Kav+YTlzUFRJJwasjFDAa9FqwEty1P+y4NgE root@ubuntu-bionic
[   10.545633] cloud-init[703]: The key's randomart image is:
[   10.545725] cloud-init[703]: +---[ECDSA 256]---+
[   10.545816] cloud-init[703]: |=o+.oo++*+o.     |
[   10.545872] cloud-init[703]: | =+o.o.+oo       |
[   10.545923] cloud-init[703]: |o. o oo o.       |
[   10.545960] cloud-init[703]: |. oE..oo.o       |
[   10.545982] cloud-init[703]: | . .. .=S .      |
[   10.546054] cloud-init[703]: |   ..+=..        |
[   10.546087] cloud-init[703]: |    +ooo         |
[   10.546107] cloud-init[703]: |  .o =.          |
[   10.546164] cloud-init[703]: | ..o*oo          |
[   10.546251] cloud-init[703]: +----[SHA256]-----+
[   10.546277] cloud-init[703]: Generating public/private ed25519 key pair.
[   10.546335] cloud-init[703]: Your identification has been saved in /etc/ssh/ssh_host_ed25519_key.
[   10.546416] cloud-init[703]: Your public key has been saved in /etc/ssh/ssh_host_ed25519_key.pub.
[   10.546497] cloud-init[703]: The key fingerprint is:
[   10.546520] cloud-init[703]: SHA256:5sKPyZ2lW1ZFMctMEP/QhgePX26/rdXxv0vLIcpEGtM root@ubuntu-bionic
[   10.546604] cloud-init[703]: The key's randomart image is:
[   10.546690] cloud-init[703]: +--[ED25519 256]--+
[   10.546718] cloud-init[703]: |            oo*. |
[   10.546750] cloud-init[703]: |             * O |
[   10.546828] cloud-init[703]: |              X *|
[   10.546863] cloud-init[703]: |          .  . B.|
[   10.546889] cloud-init[703]: |        So E.  .=|
[   10.546946] cloud-init[703]: |     . o  =.   .=|
[   10.547010] cloud-init[703]: |      o ..+. . o=|
[   10.547061] cloud-init[703]: |     . * *o . +.*|
[   10.547159] cloud-init[703]: |      + *. o  .B=|
[   10.547204] cloud-init[703]: +----[SHA256]-----+
] Reached target Sockets.
[[0;32m  OK  [0m] Reached target Basic System.
         Starting Pollinate to seed the pseudo random number generator...
         Starting Permit User Sessions...
         Starting Login Service...
         Starting System Logging Service...
         Starting LSB: Record successful boot for GRUB...
[[0;32m  OK  [0m] Started Regular background program processing daemon.
[[0;32m  OK  [0m] Reached target Login Prompts (Pre).
         Starting LSB: automatic crash report generation...
         Starting Snap Daemon...
         Starting Dispatcher daemon for systemd-networkd...
[[0;32m  OK  [0m] Started Deferred execution scheduler.
         Starting LXD - container startup/shutdown...
         Starting Virtualbox guest utils...
[[0;32m  OK  [0m] Started irqbalance daemon.
[[0;32m  OK  [0m] Started D-Bus System Message Bus.
         Starting Accounts Service...
[[0;32m  OK  [0m] Started FUSE filesystem for LXC.
[[0;32m  OK  [0m] Started System Logging Service.
[[0;32m  OK  [0m] Started Permit User Sessions.
         Starting Terminate Plymouth Boot Screen...
         Starting Hold until boot process finishes up...
[[0;32m  OK  [0m] Started Hold until boot process finishes up.
[[0;32m  OK  [0m] Started Serial Getty on ttyS0.
         Starting Set console scheme...
[[0;32m  OK  [0m] Started Login Service.
[[0;32m  OK  [0m] Started Unattended Upgrades Shutdown.
[[0;32m  OK  [0m] Started Terminate Plymouth Boot Screen.
[[0;32m  OK  [0m] Started LXD - container startup/shutdown.
[[0;32m  OK  [0m] Started Set console scheme.
[[0;32m  OK  [0m] Created slice system-getty.slice.
[[0;32m  OK  [0m] Started Getty on tty1.
[[0;32m  OK  [0m] Reached target Login Prompts.
         Starting Authorization Manager...
[[0;32m  OK  [0m] Started LSB: automatic crash report generation.
[[0;32m  OK  [0m] Started Authorization Manager.
[[0;32m  OK  [0m] Started Accounts Service.
[[0;32m  OK  [0m] Started Virtualbox guest utils.
[[0;32m  OK  [0m] Started LSB: Record successful boot for GRUB.
[[0;32m  OK  [0m] Started Dispatcher daemon for systemd-networkd.
[[0;32m  OK  [0m] Started Snap Daemon.
         Starting Wait until snapd is fully seeded...
[[0;32m  OK  [0m] Started Pollinate to seed the pseudo random number generator.
         Starting OpenBSD Secure Shell server...
[[0;32m  OK  [0m] Started OpenBSD Secure Shell server.
         Starting Time & Date Service...
[[0;32m  OK  [0m] Started Time & Date Service.
[[0;32m  OK  [0m] Started Wait until snapd is fully seeded.
         Starting Apply the settings specified in cloud-config...
[[0;32m  OK  [0m] Created slice User Slice of vagrant.
         Starting User Manager for UID 1000...
[[0;32m  OK  [0m] Started Session 1 of user vagrant.
[[0;32m  OK  [0m] Started User Manager for UID 1000.
[   12.975450] cloud-init[1249]: Cloud-init v. 23.1.1-0ubuntu0~18.04.1 running 'modules:config' at Sat, 15 Apr 2023 08:28:16 +0000. Up 12.66 seconds.
[[0;32m  OK  [0m] Started Apply the settings specified in cloud-config.
[[0;32m  OK  [0m] Reached target Multi-User System.
[[0;32m  OK  [0m] Reached target Graphical Interface.
         Starting Update UTMP about System Runlevel Changes...
         Starting Execute cloud user/final scripts...
[[0;32m  OK  [0m] Started Update UTMP about System Runlevel Changes.
ci-info: no authorized SSH keys fingerprints found for user ubuntu.
<14>Apr 15 08:28:17 cloud-init: #############################################################
<14>Apr 15 08:28:17 cloud-init: -----BEGIN SSH HOST KEY FINGERPRINTS-----
<14>Apr 15 08:28:17 cloud-init: 1024 SHA256:aOZMcXIGLldCatn5RZl8WKb3OZdr37mz9PIJiwhjkyc root@ubuntu-bionic (DSA)
<14>Apr 15 08:28:17 cloud-init: 256 SHA256:AGUH742Kav+YTlzUFRJJwasjFDAa9FqwEty1P+y4NgE root@ubuntu-bionic (ECDSA)
<14>Apr 15 08:28:17 cloud-init: 256 SHA256:5sKPyZ2lW1ZFMctMEP/QhgePX26/rdXxv0vLIcpEGtM root@ubuntu-bionic (ED25519)
<14>Apr 15 08:28:17 cloud-init: 2048 SHA256:/4iyBZqO6lE0gHRZWLjLXU/EGlAwFFu011u0sXHWUNw root@ubuntu-bionic (RSA)
<14>Apr 15 08:28:17 cloud-init: -----END SSH HOST KEY FINGERPRINTS-----
<14>Apr 15 08:28:17 cloud-init: #############################################################
-----BEGIN SSH HOST KEY KEYS-----
ecdsa-sha2-nistp256 AAAAE2VjZHNhLXNoYTItbmlzdHAyNTYAAAAIbmlzdHAyNTYAAABBBL7J18e0NH8aTmfAoMMQVX77evX2Zv+2s78ShpbaSbsW9yB12ZqLm4yMIeHoJFrtcHSeDUMGX8oor5lzNrRe9d4= root@ubuntu-bionic
ssh-ed25519 AAAAC3NzaC1lZDI1NTE5AAAAIHCqgdVo66md2HpoNSUvHpn0f00uR6KKlE2ckrRbLXis root@ubuntu-bionic
ssh-rsa AAAAB3NzaC1yc2EAAAADAQABAAABAQDUETD5dn8rzDHXw6HvYL+7Stzeax6K4tRZnKr05CDqY2P+ZNIyOQeuWS+sqWLMMx3kD0luhSG+1mFQg3CrY1POCNTzkseRNs/5azsvS5DqSMQ3+mUzVz9QZ6vDsUVUTQezffYAWGb1u68K0E9il7wbBDNwN5VwyZLvqRAXmj8H21ol+VOO5DIJeJxj0QYYw9feFXhcKm+ssBkMN1/hgsaZZvyZVrIKfPrO+5M9WqY5J9aJME8zBJOmZLggbcnCAgG21ZDBeho389MV4ZTVB2+lEajnwP1y4xaHkckNuIVOl9Q47xNviVEALuLiUIsNOg2tXSN7uUcb0OPqpHdFw1ep root@ubuntu-bionic
-----END SSH HOST KEY KEYS-----
[   13.487134] cloud-init[1373]: Cloud-init v. 23.1.1-0ubuntu0~18.04.1 running 'modules:final' at Sat, 15 Apr 2023 08:28:17 +0000. Up 13.34 seconds.
[   13.487509] cloud-init[1373]: Cloud-init v. 23.1.1-0ubuntu0~18.04.1 finished at Sat, 15 Apr 2023 08:28:17 +0000. Datasource DataSo[[0;32m  OK  [0m] Stopped target Host and Network Name Lookups.
         Stopping Availability of block devices...
         Stopping User Manager for UID 1000...
[[0;32m  OK  [0m] Stopped target Timers.
[[0;32m  OK  [0m] Stopped target Cloud-init target.
[[0;32m  OK  [0m] Stopped Execute cloud user/final scripts.
[[0;32m  OK  [0m] Stopped Apply the settings specified in cloud-config.
[[0;32m  OK  [0m] Stopped Message of the Day.
[[0;32m  OK  [0m] Stopped Daily apt upgrade and clean activities.
[[0;32m  OK  [0m] Stopped Daily apt download activities.
[[0;32m  OK  [0m] Stopped Daily Cleanup of Temporary Directories.
[[0;32m  OK  [0m] Stopped target Graphical Interface.
         Stopping Accounts Service...
[[0;32m  OK  [0m] Stopped target Multi-User System.
         Stopping FUSE filesystem for LXC...
         Stopping Deferred execution scheduler...
         Stopping System Logging Service...
         Stopping LXD - container startup/shutdown...
[[0;32m  OK  [0m] Stopped target Login Prompts.
         Stopping Serial Getty on ttyS0...
[[0;32m  OK  [0m] Stopped Wait until snapd is fully seeded.
         Stopping Dispatcher daemon for systemd-networkd...
         Stopping irqbalance daemon...
         Stopping LSB: automatic crash report generation...
[[0;32m  OK  [0m] Closed Load/Save RF Kill Switch Status /dev/rfkill Watch.
         Stopping OpenBSD Secure Shell server...
         Stopping Regular background program processing daemon...
         Stopping Session 5 of user vagrant.
         Stopping LSB: Record successful boot for GRUB...
         Stopping Authorization Manager...
         Stopping Getty on tty1...
         Stopping Virtualbox guest utils...
         Stopping D-Bus System Message Bus...
[[0;32m  OK  [0m] Stopped Ubuntu Advantage Timer for running repeated jobs.
[[0;32m  OK  [0m] Stopped target Cloud-config availability.
[[0;32m  OK  [0m] Stopped Discard unused blocks once a week.
[[0;32m  OK  [0m] Stopped target System Time Synchronized.
[[0;32m  OK  [0m] Unmounted /var/lib/lxcfs.
[[0;32m  OK  [0m] Stopped Deferred execution scheduler.
[[0;32m  OK  [0m] Stopped Regular background program processing daemon.
[[0;32m  OK  [0m] Stopped irqbalance daemon.
[[0;32m  OK  [0m] Stopped Dispatcher daemon for systemd-networkd.
[[0;32m  OK  [0m] Stopped Serial Getty on ttyS0.
[[0;32m  OK  [0m] Removed slice system-serial\x2dgetty.slice.
[[0;32m  OK  [0m] Stopped System Logging Service.
[[0;32m  OK  [0m] Stopped Getty on tty1.
[[0;32m  OK  [0m] Stopped OpenBSD Secure Shell server.
[[0;32m  OK  [0m] Stopped LXD - container startup/shutdown.
[[0;32m  OK  [0m] Stopped Accounts Service.
[[0;32m  OK  [0m] Stopped User Manager for UID 1000.
[[0;32m  OK  [0m] Stopped FUSE filesystem for LXC.
[[0;32m  OK  [0m] Stopped target Login Prompts (Pre).
[[0;32m  OK  [0m] Removed slice system-getty.slice.
[[0;32m  OK  [0m] Stopped Authorization Manager.
[[0;32m  OK  [0m] Stopped LSB: automatic crash report generation.
[[0;32m  OK  [0m] Stopped Virtualbox guest utils.
[[0;32m  OK  [0m] Stopped LSB: Record successful boot for GRUB.
[[0;32m  OK  [0m] Stopped Availability of block devices.
[[0;32m  OK  [0m] Stopped D-Bus System Message Bus.
[[0;32m  OK  [0m] Stopped Session 5 of user vagrant.
[[0;32m  OK  [0m] Removed slice User Slice of vagrant.
         Stopping Permit User Sessions...
         Stopping Login Service...
[[0;32m  OK  [0m] Stopped Permit User Sessions.
[[0;32m  OK  [0m] Stopped target Remote File Systems.
[[0;32m  OK  [0m] Stopped Login Service.
[[0;32m  OK  [0m] Stopped target Basic System.
[[0;32m  OK  [0m] Stopped target Sockets.
[[0;32m  OK  [0m] Closed LXD - unix socket.
[[0;32m  OK  [0m] Closed cloud-init hotplug hook socket.
[[0;32m  OK  [0m] Closed UUID daemon activation socket.
[[0;32m  OK  [0m] Closed D-Bus System Message Bus Socket.
[[0;32m  OK  [0m] Closed Syslog Socket.
[[0;32m  OK  [0m] Closed Socket activation for snappy daemon.
[[0;32m  OK  [0m] Closed Open-iSCSI iscsid Socket.
[[0;32m  OK  [0m] Closed ACPID Listen Socket.
[[0;32m  OK  [0m] Stopped target Paths.
[[0;32m  OK  [0m] Stopped ACPI Events Check.
[[0;32m  OK  [0m] Stopped target Slices.
[[0;32m  OK  [0m] Removed slice User and Session Slice.
[[0;32m  OK  [0m] Stopped target User and Group Name Lookups.
[[0;32m  OK  [0m] Stopped target System Initialization.
[[0;32m  OK  [0m] Stopped target Local Encrypted Volumes.
[[0;32m  OK  [0m] Stopped Dispatch Password Requests to Console Directory Watch.
[[0;32m  OK  [0m] Stopped Forward Password Requests to Wall Directory Watch.
         Stopping Load/Save Random Seed...
         Stopping Update UTMP about System Boot/Shutdown...
[[0;32m  OK  [0m] Stopped Commit a transient machine-id on disk.
[[0;32m  OK  [0m] Stopped target Local File Systems.
         Unmounting /vagrant...
[[0;32m  OK  [0m] Stopped target Mounted snaps.
[[0;32m  OK  [0m] Stopped target Mounting snaps.
         Unmounting /run/user/1000...
[[0;32m  OK  [0m] Stopped Load/Save Random Seed.
[[0;32m  OK  [0m] Stopped Update UTMP about System Boot/Shutdown.
[[0;32m  OK  [0m] Unmounted /vagrant.
[[0;32m  OK  [0m] Unmounted /run/user/1000.
[[0;32m  OK  [0m] Stopped target Swap.
[[0;32m  OK  [0m] Reached target Unmount All Filesystems.
[[0;32m  OK  [0m] Stopped target Remote File Systems (Pre).
[[0;32m  OK  [0m] Stopped target Network is Online.
[[0;32m  OK  [0m] Stopped Initial cloud-init job (metadata service crawler).
[[0;32m  OK  [0m] Stopped target Network.
         Stopping Network Name Resolution...
[[0;32m  OK  [0m] Stopped target Local File Systems (Pre).
         Stopping Monitoring of LVM2 mirrorsâ€¦ng dmeventd or progress polling...
[[0;32m  OK  [0m] Stopped Create Static Device Nodes in /dev.
[[0;32m  OK  [0m] Stopped Monitoring of LVM2 mirrors,â€¦sing dmeventd or progress polling.
         Stopping LVM2 metadata daemon...
[[0;32m  OK  [0m] Stopped LVM2 metadata daemon.
[[0;32m  OK  [0m] Stopped Network Name Resolution.
         Stopping Network Service...
[[0;32m  OK  [0m] Stopped Network Service.
[[0;32m  OK  [0m] Stopped Apply Kernel Variables.
[[0;32m  OK  [0m] Stopped Load Kernel Modules.
[[0;32m  OK  [0m] Stopped target Network (Pre).
[[0;32m  OK  [0m] Stopped Initial cloud-init job (pre-networking).
[[0;32m  OK  [0m] Stopped Remount Root and Kernel File Systems.
[[0;32m  OK  [0m] Reached target Shutdown.
[[0;32m  OK  [0m] Reached target Final Step.
         Starting Power-Off...
[  555.199894] reboot: Power down
r-Off...
[[0;32m  OK  [0m] Stopped Monitoring of LVM2 mirrors,â€¦sing dmeventd or progress polling.
         Stopping LVM2 metadata daemon...
[[0;32m  OK  [0m] Stopped LVM2 metadata daemon.
[  518.179743] reboot: Power down
